14:50:05 **** Incremental Build of configuration Debug for project stm32f746_disco ****
make all 
arm-none-eabi-size  stm32f746_disco.elf 
   text	   data	    bss	    dec	    hex	filename
  54228	  10624	   7012	  71864	  118b8	stm32f746_disco.elf
Finished building: default.size.stdout
 
14:50:09 **** Incremental Build of configuration Debug for project stm32f746_disco ****
make all 
arm-none-eabi-size  stm32f746_disco.elf 
   text	   data	    bss	    dec	    hex	filename
  54228	  10624	   7012	  71864	  118b8	stm32f746_disco.elf
Finished building: default.size.stdout
 
14:58:13 **** Incremental Build of configuration Debug for project stm32f746_disco ****
make all 
arm-none-eabi-gcc "../src/main.c" -mcpu=cortex-m7 -std=gnu11 -g3 -DSTM32 -DSTM32F7 -DSTM32F746NGHx -DSTM32F746G_DISCO -DDEBUG -DSTM32F746xx -DUSE_HAL_DRIVER -DARM_MATH_CM7 -c -I"/home/yassine/Documents/TSI/TSN/Projet_1/WORKSPACE_STM32F746DISCO_STM32CUBE/stm32f746_disco/CMSIS/DSP/Include" -I"/home/yassine/Documents/TSI/TSN/Projet_1/WORKSPACE_STM32F746DISCO_STM32CUBE/stm32f746_disco/Middlewares/ST/STM32_USB_Host_Library/Class/MIDI/Inc" -I"/home/yassine/Documents/TSI/TSN/Projet_1/WORKSPACE_STM32F746DISCO_STM32CUBE/stm32f746_disco/Middlewares/ST/STM32_USB_Host_Library/Core/Inc" -I"/home/yassine/Documents/TSI/TSN/Projet_1/WORKSPACE_STM32F746DISCO_STM32CUBE/stm32f746_disco/Middlewares/ST/STM32_USB_Host_Library/Class/AUDIO/Inc" -I"/home/yassine/Documents/TSI/TSN/Projet_1/WORKSPACE_STM32F746DISCO_STM32CUBE/stm32f746_disco/Utilities/Components/ampire480272" -I"/home/yassine/Documents/TSI/TSN/Projet_1/WORKSPACE_STM32F746DISCO_STM32CUBE/stm32f746_disco/Utilities/Components/n25q512a" -I"/home/yassine/Documents/TSI/TSN/Projet_1/WORKSPACE_STM32F746DISCO_STM32CUBE/stm32f746_disco/Utilities/Components/s5k5cag" -I"/home/yassine/Documents/TSI/TSN/Projet_1/WORKSPACE_STM32F746DISCO_STM32CUBE/stm32f746_disco/Utilities/Components/mfxstm32l152" -I"/home/yassine/Documents/TSI/TSN/Projet_1/WORKSPACE_STM32F746DISCO_STM32CUBE/stm32f746_disco/CMSIS/device" -I"/home/yassine/Documents/TSI/TSN/Projet_1/WORKSPACE_STM32F746DISCO_STM32CUBE/stm32f746_disco/Utilities/Components/n25q128a" -I"/home/yassine/Documents/TSI/TSN/Projet_1/WORKSPACE_STM32F746DISCO_STM32CUBE/stm32f746_disco/Utilities/Components/ts3510" -I"/home/yassine/Documents/TSI/TSN/Projet_1/WORKSPACE_STM32F746DISCO_STM32CUBE/stm32f746_disco/Utilities/Components/st7735" -I"/home/yassine/Documents/TSI/TSN/Projet_1/WORKSPACE_STM32F746DISCO_STM32CUBE/stm32f746_disco/Utilities/Components/rk043fn48h" -I"/home/yassine/Documents/TSI/TSN/Projet_1/WORKSPACE_STM32F746DISCO_STM32CUBE/stm32f746_disco/HAL_Driver/Inc/Legacy" -I"/home/yassine/Documents/TSI/TSN/Projet_1/WORKSPACE_STM32F746DISCO_STM32CUBE/stm32f746_disco/Utilities/Components/ov9655" -I"/home/yassine/Documents/TSI/TSN/Projet_1/WORKSPACE_STM32F746DISCO_STM32CUBE/stm32f746_disco/Utilities/Components/otm8009a" -I"/home/yassine/Documents/TSI/TSN/Projet_1/WORKSPACE_STM32F746DISCO_STM32CUBE/stm32f746_disco/Utilities/STM32746G-Discovery" -I"/home/yassine/Documents/TSI/TSN/Projet_1/WORKSPACE_STM32F746DISCO_STM32CUBE/stm32f746_disco/Utilities/Components/Common" -I"/home/yassine/Documents/TSI/TSN/Projet_1/WORKSPACE_STM32F746DISCO_STM32CUBE/stm32f746_disco/Middlewares/ST/STM32_Audio/Addons/PDM/Inc" -I"/home/yassine/Documents/TSI/TSN/Projet_1/WORKSPACE_STM32F746DISCO_STM32CUBE/stm32f746_disco/HAL_Driver/Inc" -I"/home/yassine/Documents/TSI/TSN/Projet_1/WORKSPACE_STM32F746DISCO_STM32CUBE/stm32f746_disco/Utilities/Components/stmpe811" -I"/home/yassine/Documents/TSI/TSN/Projet_1/WORKSPACE_STM32F746DISCO_STM32CUBE/stm32f746_disco/Utilities/Components/wm8994" -I"/home/yassine/Documents/TSI/TSN/Projet_1/WORKSPACE_STM32F746DISCO_STM32CUBE/stm32f746_disco/Utilities/Fonts" -I"/home/yassine/Documents/TSI/TSN/Projet_1/WORKSPACE_STM32F746DISCO_STM32CUBE/stm32f746_disco/Utilities/Components/ft5336" -I"/home/yassine/Documents/TSI/TSN/Projet_1/WORKSPACE_STM32F746DISCO_STM32CUBE/stm32f746_disco/inc" -I"/home/yassine/Documents/TSI/TSN/Projet_1/WORKSPACE_STM32F746DISCO_STM32CUBE/stm32f746_disco/Utilities/Components/ft6x06" -I"/home/yassine/Documents/TSI/TSN/Projet_1/WORKSPACE_STM32F746DISCO_STM32CUBE/stm32f746_disco/Utilities/Components/exc7200" -I"/home/yassine/Documents/TSI/TSN/Projet_1/WORKSPACE_STM32F746DISCO_STM32CUBE/stm32f746_disco/Utilities/Components/st7789h2" -I"/home/yassine/Documents/TSI/TSN/Projet_1/WORKSPACE_STM32F746DISCO_STM32CUBE/stm32f746_disco/Utilities/Log" -I"/home/yassine/Documents/TSI/TSN/Projet_1/WORKSPACE_STM32F746DISCO_STM32CUBE/stm32f746_disco/Utilities/Components/adv7533" -I"/home/yassine/Documents/TSI/TSN/Projet_1/WORKSPACE_STM32F746DISCO_STM32CUBE/stm32f746_disco/Utilities/Components/ampire640480" -I"/home/yassine/Documents/TSI/TSN/Projet_1/WORKSPACE_STM32F746DISCO_STM32CUBE/stm32f746_disco/CMSIS/core" -I"/home/yassine/Documents/TSI/TSN/Projet_1/WORKSPACE_STM32F746DISCO_STM32CUBE/stm32f746_disco/Utilities/Components/mx25l512" -I"/home/yassine/Documents/TSI/TSN/Projet_1/WORKSPACE_STM32F746DISCO_STM32CUBE/stm32f746_disco/CMSIS/DSP/Source/FilteringFunctions" -O0 -ffunction-sections -Wall -fcommon -D __FPU_PRESENT=1 -fstack-usage -fcyclomatic-complexity -MMD -MP -MF"src/main.d" -MT"src/main.o"  -mfpu=fpv5-sp-d16 -mfloat-abi=hard -mthumb -o "src/main.o"
arm-none-eabi-gcc -o "stm32f746_disco.elf" @"objects.list"   -mcpu=cortex-m7 -T"/home/yassine/Documents/TSI/TSN/Projet_1/WORKSPACE_STM32F746DISCO_STM32CUBE/stm32f746_disco/LinkerScript.ld" -Wl,-Map="stm32f746_disco.map" -Wl,--gc-sections -static -Xlinker "-u _printf_float"  -mfpu=fpv5-sp-d16 -mfloat-abi=hard -mthumb -Wl,--start-group -lc -lm -Wl,--end-group
/opt/st/stm32cubeide_1.16.0/plugins/com.st.stm32cube.ide.mcu.externaltools.gnu-tools-for-stm32.12.3.rel1.linux64_1.0.200.202406132123/tools/bin/../lib/gcc/arm-none-eabi/12.3.1/../../../../arm-none-eabi/bin/ld: warning: stm32f746_disco.elf has a LOAD segment with RWX permissions
Finished building target: stm32f746_disco.elf
 
arm-none-eabi-size  stm32f746_disco.elf 
   text	   data	    bss	    dec	    hex	filename
  54276	  10624	   7012	  71912	  118e8	stm32f746_disco.elf
Finished building: default.size.stdout
 
arm-none-eabi-objdump -h -S stm32f746_disco.elf  > "stm32f746_disco.list"
Finished building: stm32f746_disco.list
 
arm-none-eabi-objcopy  -O binary stm32f746_disco.elf  "stm32f746_disco.bin"
Finished building: stm32f746_disco.bin
 
14:58:23 **** Incremental Build of configuration Debug for project stm32f746_disco ****
make all 
arm-none-eabi-size  stm32f746_disco.elf 
   text	   data	    bss	    dec	    hex	filename
  54276	  10624	   7012	  71912	  118e8	stm32f746_disco.elf
Finished building: default.size.stdout
 
14:58:27 **** Incremental Build of configuration Debug for project stm32f746_disco ****
make all 
arm-none-eabi-size  stm32f746_disco.elf 
   text	   data	    bss	    dec	    hex	filename
  54276	  10624	   7012	  71912	  118e8	stm32f746_disco.elf
Finished building: default.size.stdout
 
15:09:19 **** Incremental Build of configuration Debug for project stm32f746_disco ****
make all 
arm-none-eabi-gcc "../src/main.c" -mcpu=cortex-m7 -std=gnu11 -g3 -DSTM32 -DSTM32F7 -DSTM32F746NGHx -DSTM32F746G_DISCO -DDEBUG -DSTM32F746xx -DUSE_HAL_DRIVER -DARM_MATH_CM7 -c -I"/home/yassine/Documents/TSI/TSN/Projet_1/WORKSPACE_STM32F746DISCO_STM32CUBE/stm32f746_disco/CMSIS/DSP/Include" -I"/home/yassine/Documents/TSI/TSN/Projet_1/WORKSPACE_STM32F746DISCO_STM32CUBE/stm32f746_disco/Middlewares/ST/STM32_USB_Host_Library/Class/MIDI/Inc" -I"/home/yassine/Documents/TSI/TSN/Projet_1/WORKSPACE_STM32F746DISCO_STM32CUBE/stm32f746_disco/Middlewares/ST/STM32_USB_Host_Library/Core/Inc" -I"/home/yassine/Documents/TSI/TSN/Projet_1/WORKSPACE_STM32F746DISCO_STM32CUBE/stm32f746_disco/Middlewares/ST/STM32_USB_Host_Library/Class/AUDIO/Inc" -I"/home/yassine/Documents/TSI/TSN/Projet_1/WORKSPACE_STM32F746DISCO_STM32CUBE/stm32f746_disco/Utilities/Components/ampire480272" -I"/home/yassine/Documents/TSI/TSN/Projet_1/WORKSPACE_STM32F746DISCO_STM32CUBE/stm32f746_disco/Utilities/Components/n25q512a" -I"/home/yassine/Documents/TSI/TSN/Projet_1/WORKSPACE_STM32F746DISCO_STM32CUBE/stm32f746_disco/Utilities/Components/s5k5cag" -I"/home/yassine/Documents/TSI/TSN/Projet_1/WORKSPACE_STM32F746DISCO_STM32CUBE/stm32f746_disco/Utilities/Components/mfxstm32l152" -I"/home/yassine/Documents/TSI/TSN/Projet_1/WORKSPACE_STM32F746DISCO_STM32CUBE/stm32f746_disco/CMSIS/device" -I"/home/yassine/Documents/TSI/TSN/Projet_1/WORKSPACE_STM32F746DISCO_STM32CUBE/stm32f746_disco/Utilities/Components/n25q128a" -I"/home/yassine/Documents/TSI/TSN/Projet_1/WORKSPACE_STM32F746DISCO_STM32CUBE/stm32f746_disco/Utilities/Components/ts3510" -I"/home/yassine/Documents/TSI/TSN/Projet_1/WORKSPACE_STM32F746DISCO_STM32CUBE/stm32f746_disco/Utilities/Components/st7735" -I"/home/yassine/Documents/TSI/TSN/Projet_1/WORKSPACE_STM32F746DISCO_STM32CUBE/stm32f746_disco/Utilities/Components/rk043fn48h" -I"/home/yassine/Documents/TSI/TSN/Projet_1/WORKSPACE_STM32F746DISCO_STM32CUBE/stm32f746_disco/HAL_Driver/Inc/Legacy" -I"/home/yassine/Documents/TSI/TSN/Projet_1/WORKSPACE_STM32F746DISCO_STM32CUBE/stm32f746_disco/Utilities/Components/ov9655" -I"/home/yassine/Documents/TSI/TSN/Projet_1/WORKSPACE_STM32F746DISCO_STM32CUBE/stm32f746_disco/Utilities/Components/otm8009a" -I"/home/yassine/Documents/TSI/TSN/Projet_1/WORKSPACE_STM32F746DISCO_STM32CUBE/stm32f746_disco/Utilities/STM32746G-Discovery" -I"/home/yassine/Documents/TSI/TSN/Projet_1/WORKSPACE_STM32F746DISCO_STM32CUBE/stm32f746_disco/Utilities/Components/Common" -I"/home/yassine/Documents/TSI/TSN/Projet_1/WORKSPACE_STM32F746DISCO_STM32CUBE/stm32f746_disco/Middlewares/ST/STM32_Audio/Addons/PDM/Inc" -I"/home/yassine/Documents/TSI/TSN/Projet_1/WORKSPACE_STM32F746DISCO_STM32CUBE/stm32f746_disco/HAL_Driver/Inc" -I"/home/yassine/Documents/TSI/TSN/Projet_1/WORKSPACE_STM32F746DISCO_STM32CUBE/stm32f746_disco/Utilities/Components/stmpe811" -I"/home/yassine/Documents/TSI/TSN/Projet_1/WORKSPACE_STM32F746DISCO_STM32CUBE/stm32f746_disco/Utilities/Components/wm8994" -I"/home/yassine/Documents/TSI/TSN/Projet_1/WORKSPACE_STM32F746DISCO_STM32CUBE/stm32f746_disco/Utilities/Fonts" -I"/home/yassine/Documents/TSI/TSN/Projet_1/WORKSPACE_STM32F746DISCO_STM32CUBE/stm32f746_disco/Utilities/Components/ft5336" -I"/home/yassine/Documents/TSI/TSN/Projet_1/WORKSPACE_STM32F746DISCO_STM32CUBE/stm32f746_disco/inc" -I"/home/yassine/Documents/TSI/TSN/Projet_1/WORKSPACE_STM32F746DISCO_STM32CUBE/stm32f746_disco/Utilities/Components/ft6x06" -I"/home/yassine/Documents/TSI/TSN/Projet_1/WORKSPACE_STM32F746DISCO_STM32CUBE/stm32f746_disco/Utilities/Components/exc7200" -I"/home/yassine/Documents/TSI/TSN/Projet_1/WORKSPACE_STM32F746DISCO_STM32CUBE/stm32f746_disco/Utilities/Components/st7789h2" -I"/home/yassine/Documents/TSI/TSN/Projet_1/WORKSPACE_STM32F746DISCO_STM32CUBE/stm32f746_disco/Utilities/Log" -I"/home/yassine/Documents/TSI/TSN/Projet_1/WORKSPACE_STM32F746DISCO_STM32CUBE/stm32f746_disco/Utilities/Components/adv7533" -I"/home/yassine/Documents/TSI/TSN/Projet_1/WORKSPACE_STM32F746DISCO_STM32CUBE/stm32f746_disco/Utilities/Components/ampire640480" -I"/home/yassine/Documents/TSI/TSN/Projet_1/WORKSPACE_STM32F746DISCO_STM32CUBE/stm32f746_disco/CMSIS/core" -I"/home/yassine/Documents/TSI/TSN/Projet_1/WORKSPACE_STM32F746DISCO_STM32CUBE/stm32f746_disco/Utilities/Components/mx25l512" -I"/home/yassine/Documents/TSI/TSN/Projet_1/WORKSPACE_STM32F746DISCO_STM32CUBE/stm32f746_disco/CMSIS/DSP/Source/FilteringFunctions" -O0 -ffunction-sections -Wall -fcommon -D __FPU_PRESENT=1 -fstack-usage -fcyclomatic-complexity -MMD -MP -MF"src/main.d" -MT"src/main.o"  -mfpu=fpv5-sp-d16 -mfloat-abi=hard -mthumb -o "src/main.o"
arm-none-eabi-gcc -o "stm32f746_disco.elf" @"objects.list"   -mcpu=cortex-m7 -T"/home/yassine/Documents/TSI/TSN/Projet_1/WORKSPACE_STM32F746DISCO_STM32CUBE/stm32f746_disco/LinkerScript.ld" -Wl,-Map="stm32f746_disco.map" -Wl,--gc-sections -static -Xlinker "-u _printf_float"  -mfpu=fpv5-sp-d16 -mfloat-abi=hard -mthumb -Wl,--start-group -lc -lm -Wl,--end-group
/opt/st/stm32cubeide_1.16.0/plugins/com.st.stm32cube.ide.mcu.externaltools.gnu-tools-for-stm32.12.3.rel1.linux64_1.0.200.202406132123/tools/bin/../lib/gcc/arm-none-eabi/12.3.1/../../../../arm-none-eabi/bin/ld: warning: stm32f746_disco.elf has a LOAD segment with RWX permissions
Finished building target: stm32f746_disco.elf
 
arm-none-eabi-size  stm32f746_disco.elf 
   text	   data	    bss	    dec	    hex	filename
  54272	  10624	   7012	  71908	  118e4	stm32f746_disco.elf
Finished building: default.size.stdout
 
arm-none-eabi-objdump -h -S stm32f746_disco.elf  > "stm32f746_disco.list"
Finished building: stm32f746_disco.list
 
arm-none-eabi-objcopy  -O binary stm32f746_disco.elf  "stm32f746_disco.bin"
Finished building: stm32f746_disco.bin
 
15:09:53 **** Incremental Build of configuration Debug for project stm32f746_disco ****
make all 
arm-none-eabi-size  stm32f746_disco.elf 
   text	   data	    bss	    dec	    hex	filename
  54272	  10624	   7012	  71908	  118e4	stm32f746_disco.elf
Finished building: default.size.stdout
 
15:25:06 **** Incremental Build of configuration Debug for project stm32f746_disco ****
make all 
arm-none-eabi-gcc "../src/main.c" -mcpu=cortex-m7 -std=gnu11 -g3 -DSTM32 -DSTM32F7 -DSTM32F746NGHx -DSTM32F746G_DISCO -DDEBUG -DSTM32F746xx -DUSE_HAL_DRIVER -DARM_MATH_CM7 -c -I"/home/yassine/Documents/TSI/TSN/Projet_1/WORKSPACE_STM32F746DISCO_STM32CUBE/stm32f746_disco/CMSIS/DSP/Include" -I"/home/yassine/Documents/TSI/TSN/Projet_1/WORKSPACE_STM32F746DISCO_STM32CUBE/stm32f746_disco/Middlewares/ST/STM32_USB_Host_Library/Class/MIDI/Inc" -I"/home/yassine/Documents/TSI/TSN/Projet_1/WORKSPACE_STM32F746DISCO_STM32CUBE/stm32f746_disco/Middlewares/ST/STM32_USB_Host_Library/Core/Inc" -I"/home/yassine/Documents/TSI/TSN/Projet_1/WORKSPACE_STM32F746DISCO_STM32CUBE/stm32f746_disco/Middlewares/ST/STM32_USB_Host_Library/Class/AUDIO/Inc" -I"/home/yassine/Documents/TSI/TSN/Projet_1/WORKSPACE_STM32F746DISCO_STM32CUBE/stm32f746_disco/Utilities/Components/ampire480272" -I"/home/yassine/Documents/TSI/TSN/Projet_1/WORKSPACE_STM32F746DISCO_STM32CUBE/stm32f746_disco/Utilities/Components/n25q512a" -I"/home/yassine/Documents/TSI/TSN/Projet_1/WORKSPACE_STM32F746DISCO_STM32CUBE/stm32f746_disco/Utilities/Components/s5k5cag" -I"/home/yassine/Documents/TSI/TSN/Projet_1/WORKSPACE_STM32F746DISCO_STM32CUBE/stm32f746_disco/Utilities/Components/mfxstm32l152" -I"/home/yassine/Documents/TSI/TSN/Projet_1/WORKSPACE_STM32F746DISCO_STM32CUBE/stm32f746_disco/CMSIS/device" -I"/home/yassine/Documents/TSI/TSN/Projet_1/WORKSPACE_STM32F746DISCO_STM32CUBE/stm32f746_disco/Utilities/Components/n25q128a" -I"/home/yassine/Documents/TSI/TSN/Projet_1/WORKSPACE_STM32F746DISCO_STM32CUBE/stm32f746_disco/Utilities/Components/ts3510" -I"/home/yassine/Documents/TSI/TSN/Projet_1/WORKSPACE_STM32F746DISCO_STM32CUBE/stm32f746_disco/Utilities/Components/st7735" -I"/home/yassine/Documents/TSI/TSN/Projet_1/WORKSPACE_STM32F746DISCO_STM32CUBE/stm32f746_disco/Utilities/Components/rk043fn48h" -I"/home/yassine/Documents/TSI/TSN/Projet_1/WORKSPACE_STM32F746DISCO_STM32CUBE/stm32f746_disco/HAL_Driver/Inc/Legacy" -I"/home/yassine/Documents/TSI/TSN/Projet_1/WORKSPACE_STM32F746DISCO_STM32CUBE/stm32f746_disco/Utilities/Components/ov9655" -I"/home/yassine/Documents/TSI/TSN/Projet_1/WORKSPACE_STM32F746DISCO_STM32CUBE/stm32f746_disco/Utilities/Components/otm8009a" -I"/home/yassine/Documents/TSI/TSN/Projet_1/WORKSPACE_STM32F746DISCO_STM32CUBE/stm32f746_disco/Utilities/STM32746G-Discovery" -I"/home/yassine/Documents/TSI/TSN/Projet_1/WORKSPACE_STM32F746DISCO_STM32CUBE/stm32f746_disco/Utilities/Components/Common" -I"/home/yassine/Documents/TSI/TSN/Projet_1/WORKSPACE_STM32F746DISCO_STM32CUBE/stm32f746_disco/Middlewares/ST/STM32_Audio/Addons/PDM/Inc" -I"/home/yassine/Documents/TSI/TSN/Projet_1/WORKSPACE_STM32F746DISCO_STM32CUBE/stm32f746_disco/HAL_Driver/Inc" -I"/home/yassine/Documents/TSI/TSN/Projet_1/WORKSPACE_STM32F746DISCO_STM32CUBE/stm32f746_disco/Utilities/Components/stmpe811" -I"/home/yassine/Documents/TSI/TSN/Projet_1/WORKSPACE_STM32F746DISCO_STM32CUBE/stm32f746_disco/Utilities/Components/wm8994" -I"/home/yassine/Documents/TSI/TSN/Projet_1/WORKSPACE_STM32F746DISCO_STM32CUBE/stm32f746_disco/Utilities/Fonts" -I"/home/yassine/Documents/TSI/TSN/Projet_1/WORKSPACE_STM32F746DISCO_STM32CUBE/stm32f746_disco/Utilities/Components/ft5336" -I"/home/yassine/Documents/TSI/TSN/Projet_1/WORKSPACE_STM32F746DISCO_STM32CUBE/stm32f746_disco/inc" -I"/home/yassine/Documents/TSI/TSN/Projet_1/WORKSPACE_STM32F746DISCO_STM32CUBE/stm32f746_disco/Utilities/Components/ft6x06" -I"/home/yassine/Documents/TSI/TSN/Projet_1/WORKSPACE_STM32F746DISCO_STM32CUBE/stm32f746_disco/Utilities/Components/exc7200" -I"/home/yassine/Documents/TSI/TSN/Projet_1/WORKSPACE_STM32F746DISCO_STM32CUBE/stm32f746_disco/Utilities/Components/st7789h2" -I"/home/yassine/Documents/TSI/TSN/Projet_1/WORKSPACE_STM32F746DISCO_STM32CUBE/stm32f746_disco/Utilities/Log" -I"/home/yassine/Documents/TSI/TSN/Projet_1/WORKSPACE_STM32F746DISCO_STM32CUBE/stm32f746_disco/Utilities/Components/adv7533" -I"/home/yassine/Documents/TSI/TSN/Projet_1/WORKSPACE_STM32F746DISCO_STM32CUBE/stm32f746_disco/Utilities/Components/ampire640480" -I"/home/yassine/Documents/TSI/TSN/Projet_1/WORKSPACE_STM32F746DISCO_STM32CUBE/stm32f746_disco/CMSIS/core" -I"/home/yassine/Documents/TSI/TSN/Projet_1/WORKSPACE_STM32F746DISCO_STM32CUBE/stm32f746_disco/Utilities/Components/mx25l512" -I"/home/yassine/Documents/TSI/TSN/Projet_1/WORKSPACE_STM32F746DISCO_STM32CUBE/stm32f746_disco/CMSIS/DSP/Source/FilteringFunctions" -O0 -ffunction-sections -Wall -fcommon -D __FPU_PRESENT=1 -fstack-usage -fcyclomatic-complexity -MMD -MP -MF"src/main.d" -MT"src/main.o"  -mfpu=fpv5-sp-d16 -mfloat-abi=hard -mthumb -o "src/main.o"
arm-none-eabi-gcc -o "stm32f746_disco.elf" @"objects.list"   -mcpu=cortex-m7 -T"/home/yassine/Documents/TSI/TSN/Projet_1/WORKSPACE_STM32F746DISCO_STM32CUBE/stm32f746_disco/LinkerScript.ld" -Wl,-Map="stm32f746_disco.map" -Wl,--gc-sections -static -Xlinker "-u _printf_float"  -mfpu=fpv5-sp-d16 -mfloat-abi=hard -mthumb -Wl,--start-group -lc -lm -Wl,--end-group
/opt/st/stm32cubeide_1.16.0/plugins/com.st.stm32cube.ide.mcu.externaltools.gnu-tools-for-stm32.12.3.rel1.linux64_1.0.200.202406132123/tools/bin/../lib/gcc/arm-none-eabi/12.3.1/../../../../arm-none-eabi/bin/ld: warning: stm32f746_disco.elf has a LOAD segment with RWX permissions
Finished building target: stm32f746_disco.elf
 
arm-none-eabi-size  stm32f746_disco.elf 
   text	   data	    bss	    dec	    hex	filename
  54292	  10616	   7020	  71928	  118f8	stm32f746_disco.elf
Finished building: default.size.stdout
 
arm-none-eabi-objdump -h -S stm32f746_disco.elf  > "stm32f746_disco.list"
Finished building: stm32f746_disco.list
 
arm-none-eabi-objcopy  -O binary stm32f746_disco.elf  "stm32f746_disco.bin"
Finished building: stm32f746_disco.bin
 
15:25:11 **** Incremental Build of configuration Debug for project stm32f746_disco ****
make all 
arm-none-eabi-size  stm32f746_disco.elf 
   text	   data	    bss	    dec	    hex	filename
  54292	  10616	   7020	  71928	  118f8	stm32f746_disco.elf
Finished building: default.size.stdout
 
15:29:38 **** Incremental Build of configuration Debug for project stm32f746_disco ****
make all 
arm-none-eabi-gcc "../src/main.c" -mcpu=cortex-m7 -std=gnu11 -g3 -DSTM32 -DSTM32F7 -DSTM32F746NGHx -DSTM32F746G_DISCO -DDEBUG -DSTM32F746xx -DUSE_HAL_DRIVER -DARM_MATH_CM7 -c -I"/home/yassine/Documents/TSI/TSN/Projet_1/WORKSPACE_STM32F746DISCO_STM32CUBE/stm32f746_disco/CMSIS/DSP/Include" -I"/home/yassine/Documents/TSI/TSN/Projet_1/WORKSPACE_STM32F746DISCO_STM32CUBE/stm32f746_disco/Middlewares/ST/STM32_USB_Host_Library/Class/MIDI/Inc" -I"/home/yassine/Documents/TSI/TSN/Projet_1/WORKSPACE_STM32F746DISCO_STM32CUBE/stm32f746_disco/Middlewares/ST/STM32_USB_Host_Library/Core/Inc" -I"/home/yassine/Documents/TSI/TSN/Projet_1/WORKSPACE_STM32F746DISCO_STM32CUBE/stm32f746_disco/Middlewares/ST/STM32_USB_Host_Library/Class/AUDIO/Inc" -I"/home/yassine/Documents/TSI/TSN/Projet_1/WORKSPACE_STM32F746DISCO_STM32CUBE/stm32f746_disco/Utilities/Components/ampire480272" -I"/home/yassine/Documents/TSI/TSN/Projet_1/WORKSPACE_STM32F746DISCO_STM32CUBE/stm32f746_disco/Utilities/Components/n25q512a" -I"/home/yassine/Documents/TSI/TSN/Projet_1/WORKSPACE_STM32F746DISCO_STM32CUBE/stm32f746_disco/Utilities/Components/s5k5cag" -I"/home/yassine/Documents/TSI/TSN/Projet_1/WORKSPACE_STM32F746DISCO_STM32CUBE/stm32f746_disco/Utilities/Components/mfxstm32l152" -I"/home/yassine/Documents/TSI/TSN/Projet_1/WORKSPACE_STM32F746DISCO_STM32CUBE/stm32f746_disco/CMSIS/device" -I"/home/yassine/Documents/TSI/TSN/Projet_1/WORKSPACE_STM32F746DISCO_STM32CUBE/stm32f746_disco/Utilities/Components/n25q128a" -I"/home/yassine/Documents/TSI/TSN/Projet_1/WORKSPACE_STM32F746DISCO_STM32CUBE/stm32f746_disco/Utilities/Components/ts3510" -I"/home/yassine/Documents/TSI/TSN/Projet_1/WORKSPACE_STM32F746DISCO_STM32CUBE/stm32f746_disco/Utilities/Components/st7735" -I"/home/yassine/Documents/TSI/TSN/Projet_1/WORKSPACE_STM32F746DISCO_STM32CUBE/stm32f746_disco/Utilities/Components/rk043fn48h" -I"/home/yassine/Documents/TSI/TSN/Projet_1/WORKSPACE_STM32F746DISCO_STM32CUBE/stm32f746_disco/HAL_Driver/Inc/Legacy" -I"/home/yassine/Documents/TSI/TSN/Projet_1/WORKSPACE_STM32F746DISCO_STM32CUBE/stm32f746_disco/Utilities/Components/ov9655" -I"/home/yassine/Documents/TSI/TSN/Projet_1/WORKSPACE_STM32F746DISCO_STM32CUBE/stm32f746_disco/Utilities/Components/otm8009a" -I"/home/yassine/Documents/TSI/TSN/Projet_1/WORKSPACE_STM32F746DISCO_STM32CUBE/stm32f746_disco/Utilities/STM32746G-Discovery" -I"/home/yassine/Documents/TSI/TSN/Projet_1/WORKSPACE_STM32F746DISCO_STM32CUBE/stm32f746_disco/Utilities/Components/Common" -I"/home/yassine/Documents/TSI/TSN/Projet_1/WORKSPACE_STM32F746DISCO_STM32CUBE/stm32f746_disco/Middlewares/ST/STM32_Audio/Addons/PDM/Inc" -I"/home/yassine/Documents/TSI/TSN/Projet_1/WORKSPACE_STM32F746DISCO_STM32CUBE/stm32f746_disco/HAL_Driver/Inc" -I"/home/yassine/Documents/TSI/TSN/Projet_1/WORKSPACE_STM32F746DISCO_STM32CUBE/stm32f746_disco/Utilities/Components/stmpe811" -I"/home/yassine/Documents/TSI/TSN/Projet_1/WORKSPACE_STM32F746DISCO_STM32CUBE/stm32f746_disco/Utilities/Components/wm8994" -I"/home/yassine/Documents/TSI/TSN/Projet_1/WORKSPACE_STM32F746DISCO_STM32CUBE/stm32f746_disco/Utilities/Fonts" -I"/home/yassine/Documents/TSI/TSN/Projet_1/WORKSPACE_STM32F746DISCO_STM32CUBE/stm32f746_disco/Utilities/Components/ft5336" -I"/home/yassine/Documents/TSI/TSN/Projet_1/WORKSPACE_STM32F746DISCO_STM32CUBE/stm32f746_disco/inc" -I"/home/yassine/Documents/TSI/TSN/Projet_1/WORKSPACE_STM32F746DISCO_STM32CUBE/stm32f746_disco/Utilities/Components/ft6x06" -I"/home/yassine/Documents/TSI/TSN/Projet_1/WORKSPACE_STM32F746DISCO_STM32CUBE/stm32f746_disco/Utilities/Components/exc7200" -I"/home/yassine/Documents/TSI/TSN/Projet_1/WORKSPACE_STM32F746DISCO_STM32CUBE/stm32f746_disco/Utilities/Components/st7789h2" -I"/home/yassine/Documents/TSI/TSN/Projet_1/WORKSPACE_STM32F746DISCO_STM32CUBE/stm32f746_disco/Utilities/Log" -I"/home/yassine/Documents/TSI/TSN/Projet_1/WORKSPACE_STM32F746DISCO_STM32CUBE/stm32f746_disco/Utilities/Components/adv7533" -I"/home/yassine/Documents/TSI/TSN/Projet_1/WORKSPACE_STM32F746DISCO_STM32CUBE/stm32f746_disco/Utilities/Components/ampire640480" -I"/home/yassine/Documents/TSI/TSN/Projet_1/WORKSPACE_STM32F746DISCO_STM32CUBE/stm32f746_disco/CMSIS/core" -I"/home/yassine/Documents/TSI/TSN/Projet_1/WORKSPACE_STM32F746DISCO_STM32CUBE/stm32f746_disco/Utilities/Components/mx25l512" -I"/home/yassine/Documents/TSI/TSN/Projet_1/WORKSPACE_STM32F746DISCO_STM32CUBE/stm32f746_disco/CMSIS/DSP/Source/FilteringFunctions" -O0 -ffunction-sections -Wall -fcommon -D __FPU_PRESENT=1 -fstack-usage -fcyclomatic-complexity -MMD -MP -MF"src/main.d" -MT"src/main.o"  -mfpu=fpv5-sp-d16 -mfloat-abi=hard -mthumb -o "src/main.o"
../src/main.c: In function 'GEN_SIG':
../src/main.c:74:24: error: 'sine_int' undeclared (first use in this function); did you mean 'sinus_int'?
   74 |                 return sine_int[signal_index];
      |                        ^~~~~~~~
      |                        sinus_int
../src/main.c:74:24: note: each undeclared identifier is reported only once for each function it appears in
../src/main.c:79:1: warning: control reaches end of non-void function [-Wreturn-type]
   79 | }
      | ^
make: *** [src/subdir.mk:55: src/main.o] Error 1
"make all" terminated with exit code 2. Build might be incomplete.
15:30:04 **** Incremental Build of configuration Debug for project stm32f746_disco ****
make all 
arm-none-eabi-gcc "../src/main.c" -mcpu=cortex-m7 -std=gnu11 -g3 -DSTM32 -DSTM32F7 -DSTM32F746NGHx -DSTM32F746G_DISCO -DDEBUG -DSTM32F746xx -DUSE_HAL_DRIVER -DARM_MATH_CM7 -c -I"/home/yassine/Documents/TSI/TSN/Projet_1/WORKSPACE_STM32F746DISCO_STM32CUBE/stm32f746_disco/CMSIS/DSP/Include" -I"/home/yassine/Documents/TSI/TSN/Projet_1/WORKSPACE_STM32F746DISCO_STM32CUBE/stm32f746_disco/Middlewares/ST/STM32_USB_Host_Library/Class/MIDI/Inc" -I"/home/yassine/Documents/TSI/TSN/Projet_1/WORKSPACE_STM32F746DISCO_STM32CUBE/stm32f746_disco/Middlewares/ST/STM32_USB_Host_Library/Core/Inc" -I"/home/yassine/Documents/TSI/TSN/Projet_1/WORKSPACE_STM32F746DISCO_STM32CUBE/stm32f746_disco/Middlewares/ST/STM32_USB_Host_Library/Class/AUDIO/Inc" -I"/home/yassine/Documents/TSI/TSN/Projet_1/WORKSPACE_STM32F746DISCO_STM32CUBE/stm32f746_disco/Utilities/Components/ampire480272" -I"/home/yassine/Documents/TSI/TSN/Projet_1/WORKSPACE_STM32F746DISCO_STM32CUBE/stm32f746_disco/Utilities/Components/n25q512a" -I"/home/yassine/Documents/TSI/TSN/Projet_1/WORKSPACE_STM32F746DISCO_STM32CUBE/stm32f746_disco/Utilities/Components/s5k5cag" -I"/home/yassine/Documents/TSI/TSN/Projet_1/WORKSPACE_STM32F746DISCO_STM32CUBE/stm32f746_disco/Utilities/Components/mfxstm32l152" -I"/home/yassine/Documents/TSI/TSN/Projet_1/WORKSPACE_STM32F746DISCO_STM32CUBE/stm32f746_disco/CMSIS/device" -I"/home/yassine/Documents/TSI/TSN/Projet_1/WORKSPACE_STM32F746DISCO_STM32CUBE/stm32f746_disco/Utilities/Components/n25q128a" -I"/home/yassine/Documents/TSI/TSN/Projet_1/WORKSPACE_STM32F746DISCO_STM32CUBE/stm32f746_disco/Utilities/Components/ts3510" -I"/home/yassine/Documents/TSI/TSN/Projet_1/WORKSPACE_STM32F746DISCO_STM32CUBE/stm32f746_disco/Utilities/Components/st7735" -I"/home/yassine/Documents/TSI/TSN/Projet_1/WORKSPACE_STM32F746DISCO_STM32CUBE/stm32f746_disco/Utilities/Components/rk043fn48h" -I"/home/yassine/Documents/TSI/TSN/Projet_1/WORKSPACE_STM32F746DISCO_STM32CUBE/stm32f746_disco/HAL_Driver/Inc/Legacy" -I"/home/yassine/Documents/TSI/TSN/Projet_1/WORKSPACE_STM32F746DISCO_STM32CUBE/stm32f746_disco/Utilities/Components/ov9655" -I"/home/yassine/Documents/TSI/TSN/Projet_1/WORKSPACE_STM32F746DISCO_STM32CUBE/stm32f746_disco/Utilities/Components/otm8009a" -I"/home/yassine/Documents/TSI/TSN/Projet_1/WORKSPACE_STM32F746DISCO_STM32CUBE/stm32f746_disco/Utilities/STM32746G-Discovery" -I"/home/yassine/Documents/TSI/TSN/Projet_1/WORKSPACE_STM32F746DISCO_STM32CUBE/stm32f746_disco/Utilities/Components/Common" -I"/home/yassine/Documents/TSI/TSN/Projet_1/WORKSPACE_STM32F746DISCO_STM32CUBE/stm32f746_disco/Middlewares/ST/STM32_Audio/Addons/PDM/Inc" -I"/home/yassine/Documents/TSI/TSN/Projet_1/WORKSPACE_STM32F746DISCO_STM32CUBE/stm32f746_disco/HAL_Driver/Inc" -I"/home/yassine/Documents/TSI/TSN/Projet_1/WORKSPACE_STM32F746DISCO_STM32CUBE/stm32f746_disco/Utilities/Components/stmpe811" -I"/home/yassine/Documents/TSI/TSN/Projet_1/WORKSPACE_STM32F746DISCO_STM32CUBE/stm32f746_disco/Utilities/Components/wm8994" -I"/home/yassine/Documents/TSI/TSN/Projet_1/WORKSPACE_STM32F746DISCO_STM32CUBE/stm32f746_disco/Utilities/Fonts" -I"/home/yassine/Documents/TSI/TSN/Projet_1/WORKSPACE_STM32F746DISCO_STM32CUBE/stm32f746_disco/Utilities/Components/ft5336" -I"/home/yassine/Documents/TSI/TSN/Projet_1/WORKSPACE_STM32F746DISCO_STM32CUBE/stm32f746_disco/inc" -I"/home/yassine/Documents/TSI/TSN/Projet_1/WORKSPACE_STM32F746DISCO_STM32CUBE/stm32f746_disco/Utilities/Components/ft6x06" -I"/home/yassine/Documents/TSI/TSN/Projet_1/WORKSPACE_STM32F746DISCO_STM32CUBE/stm32f746_disco/Utilities/Components/exc7200" -I"/home/yassine/Documents/TSI/TSN/Projet_1/WORKSPACE_STM32F746DISCO_STM32CUBE/stm32f746_disco/Utilities/Components/st7789h2" -I"/home/yassine/Documents/TSI/TSN/Projet_1/WORKSPACE_STM32F746DISCO_STM32CUBE/stm32f746_disco/Utilities/Log" -I"/home/yassine/Documents/TSI/TSN/Projet_1/WORKSPACE_STM32F746DISCO_STM32CUBE/stm32f746_disco/Utilities/Components/adv7533" -I"/home/yassine/Documents/TSI/TSN/Projet_1/WORKSPACE_STM32F746DISCO_STM32CUBE/stm32f746_disco/Utilities/Components/ampire640480" -I"/home/yassine/Documents/TSI/TSN/Projet_1/WORKSPACE_STM32F746DISCO_STM32CUBE/stm32f746_disco/CMSIS/core" -I"/home/yassine/Documents/TSI/TSN/Projet_1/WORKSPACE_STM32F746DISCO_STM32CUBE/stm32f746_disco/Utilities/Components/mx25l512" -I"/home/yassine/Documents/TSI/TSN/Projet_1/WORKSPACE_STM32F746DISCO_STM32CUBE/stm32f746_disco/CMSIS/DSP/Source/FilteringFunctions" -O0 -ffunction-sections -Wall -fcommon -D __FPU_PRESENT=1 -fstack-usage -fcyclomatic-complexity -MMD -MP -MF"src/main.d" -MT"src/main.o"  -mfpu=fpv5-sp-d16 -mfloat-abi=hard -mthumb -o "src/main.o"
../src/main.c: In function 'GEN_SIG':
../src/main.c:79:1: warning: control reaches end of non-void function [-Wreturn-type]
   79 | }
      | ^
arm-none-eabi-gcc -o "stm32f746_disco.elf" @"objects.list"   -mcpu=cortex-m7 -T"/home/yassine/Documents/TSI/TSN/Projet_1/WORKSPACE_STM32F746DISCO_STM32CUBE/stm32f746_disco/LinkerScript.ld" -Wl,-Map="stm32f746_disco.map" -Wl,--gc-sections -static -Xlinker "-u _printf_float"  -mfpu=fpv5-sp-d16 -mfloat-abi=hard -mthumb -Wl,--start-group -lc -lm -Wl,--end-group
/opt/st/stm32cubeide_1.16.0/plugins/com.st.stm32cube.ide.mcu.externaltools.gnu-tools-for-stm32.12.3.rel1.linux64_1.0.200.202406132123/tools/bin/../lib/gcc/arm-none-eabi/12.3.1/../../../../arm-none-eabi/bin/ld: warning: stm32f746_disco.elf has a LOAD segment with RWX permissions
Finished building target: stm32f746_disco.elf
 
arm-none-eabi-size  stm32f746_disco.elf 
   text	   data	    bss	    dec	    hex	filename
  54440	  10616	   7020	  72076	  1198c	stm32f746_disco.elf
Finished building: default.size.stdout
 
arm-none-eabi-objdump -h -S stm32f746_disco.elf  > "stm32f746_disco.list"
Finished building: stm32f746_disco.list
 
arm-none-eabi-objcopy  -O binary stm32f746_disco.elf  "stm32f746_disco.bin"
Finished building: stm32f746_disco.bin
 
15:30:09 **** Incremental Build of configuration Debug for project stm32f746_disco ****
make all 
arm-none-eabi-size  stm32f746_disco.elf 
   text	   data	    bss	    dec	    hex	filename
  54440	  10616	   7020	  72076	  1198c	stm32f746_disco.elf
Finished building: default.size.stdout
 
15:33:38 **** Incremental Build of configuration Debug for project stm32f746_disco ****
make all 
arm-none-eabi-gcc "../src/main.c" -mcpu=cortex-m7 -std=gnu11 -g3 -DSTM32 -DSTM32F7 -DSTM32F746NGHx -DSTM32F746G_DISCO -DDEBUG -DSTM32F746xx -DUSE_HAL_DRIVER -DARM_MATH_CM7 -c -I"/home/yassine/Documents/TSI/TSN/Projet_1/WORKSPACE_STM32F746DISCO_STM32CUBE/stm32f746_disco/CMSIS/DSP/Include" -I"/home/yassine/Documents/TSI/TSN/Projet_1/WORKSPACE_STM32F746DISCO_STM32CUBE/stm32f746_disco/Middlewares/ST/STM32_USB_Host_Library/Class/MIDI/Inc" -I"/home/yassine/Documents/TSI/TSN/Projet_1/WORKSPACE_STM32F746DISCO_STM32CUBE/stm32f746_disco/Middlewares/ST/STM32_USB_Host_Library/Core/Inc" -I"/home/yassine/Documents/TSI/TSN/Projet_1/WORKSPACE_STM32F746DISCO_STM32CUBE/stm32f746_disco/Middlewares/ST/STM32_USB_Host_Library/Class/AUDIO/Inc" -I"/home/yassine/Documents/TSI/TSN/Projet_1/WORKSPACE_STM32F746DISCO_STM32CUBE/stm32f746_disco/Utilities/Components/ampire480272" -I"/home/yassine/Documents/TSI/TSN/Projet_1/WORKSPACE_STM32F746DISCO_STM32CUBE/stm32f746_disco/Utilities/Components/n25q512a" -I"/home/yassine/Documents/TSI/TSN/Projet_1/WORKSPACE_STM32F746DISCO_STM32CUBE/stm32f746_disco/Utilities/Components/s5k5cag" -I"/home/yassine/Documents/TSI/TSN/Projet_1/WORKSPACE_STM32F746DISCO_STM32CUBE/stm32f746_disco/Utilities/Components/mfxstm32l152" -I"/home/yassine/Documents/TSI/TSN/Projet_1/WORKSPACE_STM32F746DISCO_STM32CUBE/stm32f746_disco/CMSIS/device" -I"/home/yassine/Documents/TSI/TSN/Projet_1/WORKSPACE_STM32F746DISCO_STM32CUBE/stm32f746_disco/Utilities/Components/n25q128a" -I"/home/yassine/Documents/TSI/TSN/Projet_1/WORKSPACE_STM32F746DISCO_STM32CUBE/stm32f746_disco/Utilities/Components/ts3510" -I"/home/yassine/Documents/TSI/TSN/Projet_1/WORKSPACE_STM32F746DISCO_STM32CUBE/stm32f746_disco/Utilities/Components/st7735" -I"/home/yassine/Documents/TSI/TSN/Projet_1/WORKSPACE_STM32F746DISCO_STM32CUBE/stm32f746_disco/Utilities/Components/rk043fn48h" -I"/home/yassine/Documents/TSI/TSN/Projet_1/WORKSPACE_STM32F746DISCO_STM32CUBE/stm32f746_disco/HAL_Driver/Inc/Legacy" -I"/home/yassine/Documents/TSI/TSN/Projet_1/WORKSPACE_STM32F746DISCO_STM32CUBE/stm32f746_disco/Utilities/Components/ov9655" -I"/home/yassine/Documents/TSI/TSN/Projet_1/WORKSPACE_STM32F746DISCO_STM32CUBE/stm32f746_disco/Utilities/Components/otm8009a" -I"/home/yassine/Documents/TSI/TSN/Projet_1/WORKSPACE_STM32F746DISCO_STM32CUBE/stm32f746_disco/Utilities/STM32746G-Discovery" -I"/home/yassine/Documents/TSI/TSN/Projet_1/WORKSPACE_STM32F746DISCO_STM32CUBE/stm32f746_disco/Utilities/Components/Common" -I"/home/yassine/Documents/TSI/TSN/Projet_1/WORKSPACE_STM32F746DISCO_STM32CUBE/stm32f746_disco/Middlewares/ST/STM32_Audio/Addons/PDM/Inc" -I"/home/yassine/Documents/TSI/TSN/Projet_1/WORKSPACE_STM32F746DISCO_STM32CUBE/stm32f746_disco/HAL_Driver/Inc" -I"/home/yassine/Documents/TSI/TSN/Projet_1/WORKSPACE_STM32F746DISCO_STM32CUBE/stm32f746_disco/Utilities/Components/stmpe811" -I"/home/yassine/Documents/TSI/TSN/Projet_1/WORKSPACE_STM32F746DISCO_STM32CUBE/stm32f746_disco/Utilities/Components/wm8994" -I"/home/yassine/Documents/TSI/TSN/Projet_1/WORKSPACE_STM32F746DISCO_STM32CUBE/stm32f746_disco/Utilities/Fonts" -I"/home/yassine/Documents/TSI/TSN/Projet_1/WORKSPACE_STM32F746DISCO_STM32CUBE/stm32f746_disco/Utilities/Components/ft5336" -I"/home/yassine/Documents/TSI/TSN/Projet_1/WORKSPACE_STM32F746DISCO_STM32CUBE/stm32f746_disco/inc" -I"/home/yassine/Documents/TSI/TSN/Projet_1/WORKSPACE_STM32F746DISCO_STM32CUBE/stm32f746_disco/Utilities/Components/ft6x06" -I"/home/yassine/Documents/TSI/TSN/Projet_1/WORKSPACE_STM32F746DISCO_STM32CUBE/stm32f746_disco/Utilities/Components/exc7200" -I"/home/yassine/Documents/TSI/TSN/Projet_1/WORKSPACE_STM32F746DISCO_STM32CUBE/stm32f746_disco/Utilities/Components/st7789h2" -I"/home/yassine/Documents/TSI/TSN/Projet_1/WORKSPACE_STM32F746DISCO_STM32CUBE/stm32f746_disco/Utilities/Log" -I"/home/yassine/Documents/TSI/TSN/Projet_1/WORKSPACE_STM32F746DISCO_STM32CUBE/stm32f746_disco/Utilities/Components/adv7533" -I"/home/yassine/Documents/TSI/TSN/Projet_1/WORKSPACE_STM32F746DISCO_STM32CUBE/stm32f746_disco/Utilities/Components/ampire640480" -I"/home/yassine/Documents/TSI/TSN/Projet_1/WORKSPACE_STM32F746DISCO_STM32CUBE/stm32f746_disco/CMSIS/core" -I"/home/yassine/Documents/TSI/TSN/Projet_1/WORKSPACE_STM32F746DISCO_STM32CUBE/stm32f746_disco/Utilities/Components/mx25l512" -I"/home/yassine/Documents/TSI/TSN/Projet_1/WORKSPACE_STM32F746DISCO_STM32CUBE/stm32f746_disco/CMSIS/DSP/Source/FilteringFunctions" -O0 -ffunction-sections -Wall -fcommon -D __FPU_PRESENT=1 -fstack-usage -fcyclomatic-complexity -MMD -MP -MF"src/main.d" -MT"src/main.o"  -mfpu=fpv5-sp-d16 -mfloat-abi=hard -mthumb -o "src/main.o"
../src/main.c: In function 'GEN_SIG':
../src/main.c:59:1: warning: control reaches end of non-void function [-Wreturn-type]
   59 | }
      | ^
arm-none-eabi-gcc -o "stm32f746_disco.elf" @"objects.list"   -mcpu=cortex-m7 -T"/home/yassine/Documents/TSI/TSN/Projet_1/WORKSPACE_STM32F746DISCO_STM32CUBE/stm32f746_disco/LinkerScript.ld" -Wl,-Map="stm32f746_disco.map" -Wl,--gc-sections -static -Xlinker "-u _printf_float"  -mfpu=fpv5-sp-d16 -mfloat-abi=hard -mthumb -Wl,--start-group -lc -lm -Wl,--end-group
/opt/st/stm32cubeide_1.16.0/plugins/com.st.stm32cube.ide.mcu.externaltools.gnu-tools-for-stm32.12.3.rel1.linux64_1.0.200.202406132123/tools/bin/../lib/gcc/arm-none-eabi/12.3.1/../../../../arm-none-eabi/bin/ld: warning: stm32f746_disco.elf has a LOAD segment with RWX permissions
Finished building target: stm32f746_disco.elf
 
arm-none-eabi-size  stm32f746_disco.elf 
   text	   data	    bss	    dec	    hex	filename
  54460	  10616	   7020	  72096	  119a0	stm32f746_disco.elf
Finished building: default.size.stdout
 
arm-none-eabi-objdump -h -S stm32f746_disco.elf  > "stm32f746_disco.list"
Finished building: stm32f746_disco.list
 
arm-none-eabi-objcopy  -O binary stm32f746_disco.elf  "stm32f746_disco.bin"
Finished building: stm32f746_disco.bin
 
15:33:52 **** Incremental Build of configuration Debug for project stm32f746_disco ****
make all 
arm-none-eabi-size  stm32f746_disco.elf 
   text	   data	    bss	    dec	    hex	filename
  54460	  10616	   7020	  72096	  119a0	stm32f746_disco.elf
Finished building: default.size.stdout
 
15:35:31 **** Incremental Build of configuration Debug for project stm32f746_disco ****
make all 
arm-none-eabi-gcc "../src/main.c" -mcpu=cortex-m7 -std=gnu11 -g3 -DSTM32 -DSTM32F7 -DSTM32F746NGHx -DSTM32F746G_DISCO -DDEBUG -DSTM32F746xx -DUSE_HAL_DRIVER -DARM_MATH_CM7 -c -I"/home/yassine/Documents/TSI/TSN/Projet_1/WORKSPACE_STM32F746DISCO_STM32CUBE/stm32f746_disco/CMSIS/DSP/Include" -I"/home/yassine/Documents/TSI/TSN/Projet_1/WORKSPACE_STM32F746DISCO_STM32CUBE/stm32f746_disco/Middlewares/ST/STM32_USB_Host_Library/Class/MIDI/Inc" -I"/home/yassine/Documents/TSI/TSN/Projet_1/WORKSPACE_STM32F746DISCO_STM32CUBE/stm32f746_disco/Middlewares/ST/STM32_USB_Host_Library/Core/Inc" -I"/home/yassine/Documents/TSI/TSN/Projet_1/WORKSPACE_STM32F746DISCO_STM32CUBE/stm32f746_disco/Middlewares/ST/STM32_USB_Host_Library/Class/AUDIO/Inc" -I"/home/yassine/Documents/TSI/TSN/Projet_1/WORKSPACE_STM32F746DISCO_STM32CUBE/stm32f746_disco/Utilities/Components/ampire480272" -I"/home/yassine/Documents/TSI/TSN/Projet_1/WORKSPACE_STM32F746DISCO_STM32CUBE/stm32f746_disco/Utilities/Components/n25q512a" -I"/home/yassine/Documents/TSI/TSN/Projet_1/WORKSPACE_STM32F746DISCO_STM32CUBE/stm32f746_disco/Utilities/Components/s5k5cag" -I"/home/yassine/Documents/TSI/TSN/Projet_1/WORKSPACE_STM32F746DISCO_STM32CUBE/stm32f746_disco/Utilities/Components/mfxstm32l152" -I"/home/yassine/Documents/TSI/TSN/Projet_1/WORKSPACE_STM32F746DISCO_STM32CUBE/stm32f746_disco/CMSIS/device" -I"/home/yassine/Documents/TSI/TSN/Projet_1/WORKSPACE_STM32F746DISCO_STM32CUBE/stm32f746_disco/Utilities/Components/n25q128a" -I"/home/yassine/Documents/TSI/TSN/Projet_1/WORKSPACE_STM32F746DISCO_STM32CUBE/stm32f746_disco/Utilities/Components/ts3510" -I"/home/yassine/Documents/TSI/TSN/Projet_1/WORKSPACE_STM32F746DISCO_STM32CUBE/stm32f746_disco/Utilities/Components/st7735" -I"/home/yassine/Documents/TSI/TSN/Projet_1/WORKSPACE_STM32F746DISCO_STM32CUBE/stm32f746_disco/Utilities/Components/rk043fn48h" -I"/home/yassine/Documents/TSI/TSN/Projet_1/WORKSPACE_STM32F746DISCO_STM32CUBE/stm32f746_disco/HAL_Driver/Inc/Legacy" -I"/home/yassine/Documents/TSI/TSN/Projet_1/WORKSPACE_STM32F746DISCO_STM32CUBE/stm32f746_disco/Utilities/Components/ov9655" -I"/home/yassine/Documents/TSI/TSN/Projet_1/WORKSPACE_STM32F746DISCO_STM32CUBE/stm32f746_disco/Utilities/Components/otm8009a" -I"/home/yassine/Documents/TSI/TSN/Projet_1/WORKSPACE_STM32F746DISCO_STM32CUBE/stm32f746_disco/Utilities/STM32746G-Discovery" -I"/home/yassine/Documents/TSI/TSN/Projet_1/WORKSPACE_STM32F746DISCO_STM32CUBE/stm32f746_disco/Utilities/Components/Common" -I"/home/yassine/Documents/TSI/TSN/Projet_1/WORKSPACE_STM32F746DISCO_STM32CUBE/stm32f746_disco/Middlewares/ST/STM32_Audio/Addons/PDM/Inc" -I"/home/yassine/Documents/TSI/TSN/Projet_1/WORKSPACE_STM32F746DISCO_STM32CUBE/stm32f746_disco/HAL_Driver/Inc" -I"/home/yassine/Documents/TSI/TSN/Projet_1/WORKSPACE_STM32F746DISCO_STM32CUBE/stm32f746_disco/Utilities/Components/stmpe811" -I"/home/yassine/Documents/TSI/TSN/Projet_1/WORKSPACE_STM32F746DISCO_STM32CUBE/stm32f746_disco/Utilities/Components/wm8994" -I"/home/yassine/Documents/TSI/TSN/Projet_1/WORKSPACE_STM32F746DISCO_STM32CUBE/stm32f746_disco/Utilities/Fonts" -I"/home/yassine/Documents/TSI/TSN/Projet_1/WORKSPACE_STM32F746DISCO_STM32CUBE/stm32f746_disco/Utilities/Components/ft5336" -I"/home/yassine/Documents/TSI/TSN/Projet_1/WORKSPACE_STM32F746DISCO_STM32CUBE/stm32f746_disco/inc" -I"/home/yassine/Documents/TSI/TSN/Projet_1/WORKSPACE_STM32F746DISCO_STM32CUBE/stm32f746_disco/Utilities/Components/ft6x06" -I"/home/yassine/Documents/TSI/TSN/Projet_1/WORKSPACE_STM32F746DISCO_STM32CUBE/stm32f746_disco/Utilities/Components/exc7200" -I"/home/yassine/Documents/TSI/TSN/Projet_1/WORKSPACE_STM32F746DISCO_STM32CUBE/stm32f746_disco/Utilities/Components/st7789h2" -I"/home/yassine/Documents/TSI/TSN/Projet_1/WORKSPACE_STM32F746DISCO_STM32CUBE/stm32f746_disco/Utilities/Log" -I"/home/yassine/Documents/TSI/TSN/Projet_1/WORKSPACE_STM32F746DISCO_STM32CUBE/stm32f746_disco/Utilities/Components/adv7533" -I"/home/yassine/Documents/TSI/TSN/Projet_1/WORKSPACE_STM32F746DISCO_STM32CUBE/stm32f746_disco/Utilities/Components/ampire640480" -I"/home/yassine/Documents/TSI/TSN/Projet_1/WORKSPACE_STM32F746DISCO_STM32CUBE/stm32f746_disco/CMSIS/core" -I"/home/yassine/Documents/TSI/TSN/Projet_1/WORKSPACE_STM32F746DISCO_STM32CUBE/stm32f746_disco/Utilities/Components/mx25l512" -I"/home/yassine/Documents/TSI/TSN/Projet_1/WORKSPACE_STM32F746DISCO_STM32CUBE/stm32f746_disco/CMSIS/DSP/Source/FilteringFunctions" -O0 -ffunction-sections -Wall -fcommon -D __FPU_PRESENT=1 -fstack-usage -fcyclomatic-complexity -MMD -MP -MF"src/main.d" -MT"src/main.o"  -mfpu=fpv5-sp-d16 -mfloat-abi=hard -mthumb -o "src/main.o"
../src/main.c: In function 'GEN_SIG':
../src/main.c:59:1: warning: control reaches end of non-void function [-Wreturn-type]
   59 | }
      | ^
arm-none-eabi-gcc -o "stm32f746_disco.elf" @"objects.list"   -mcpu=cortex-m7 -T"/home/yassine/Documents/TSI/TSN/Projet_1/WORKSPACE_STM32F746DISCO_STM32CUBE/stm32f746_disco/LinkerScript.ld" -Wl,-Map="stm32f746_disco.map" -Wl,--gc-sections -static -Xlinker "-u _printf_float"  -mfpu=fpv5-sp-d16 -mfloat-abi=hard -mthumb -Wl,--start-group -lc -lm -Wl,--end-group
/opt/st/stm32cubeide_1.16.0/plugins/com.st.stm32cube.ide.mcu.externaltools.gnu-tools-for-stm32.12.3.rel1.linux64_1.0.200.202406132123/tools/bin/../lib/gcc/arm-none-eabi/12.3.1/../../../../arm-none-eabi/bin/ld: warning: stm32f746_disco.elf has a LOAD segment with RWX permissions
Finished building target: stm32f746_disco.elf
 
arm-none-eabi-size  stm32f746_disco.elf 
   text	   data	    bss	    dec	    hex	filename
  54508	  10616	   7020	  72144	  119d0	stm32f746_disco.elf
Finished building: default.size.stdout
 
arm-none-eabi-objdump -h -S stm32f746_disco.elf  > "stm32f746_disco.list"
Finished building: stm32f746_disco.list
 
arm-none-eabi-objcopy  -O binary stm32f746_disco.elf  "stm32f746_disco.bin"
Finished building: stm32f746_disco.bin
 
15:35:39 **** Incremental Build of configuration Debug for project stm32f746_disco ****
make all 
arm-none-eabi-size  stm32f746_disco.elf 
   text	   data	    bss	    dec	    hex	filename
  54508	  10616	   7020	  72144	  119d0	stm32f746_disco.elf
Finished building: default.size.stdout
 
16:25:54 **** Incremental Build of configuration Debug for project stm32f746_disco ****
make all 
arm-none-eabi-gcc "../src/main.c" -mcpu=cortex-m7 -std=gnu11 -g3 -DSTM32 -DSTM32F7 -DSTM32F746NGHx -DSTM32F746G_DISCO -DDEBUG -DSTM32F746xx -DUSE_HAL_DRIVER -DARM_MATH_CM7 -c -I"/home/yassine/Documents/TSI/TSN/Projet_1/WORKSPACE_STM32F746DISCO_STM32CUBE/stm32f746_disco/CMSIS/DSP/Include" -I"/home/yassine/Documents/TSI/TSN/Projet_1/WORKSPACE_STM32F746DISCO_STM32CUBE/stm32f746_disco/Middlewares/ST/STM32_USB_Host_Library/Class/MIDI/Inc" -I"/home/yassine/Documents/TSI/TSN/Projet_1/WORKSPACE_STM32F746DISCO_STM32CUBE/stm32f746_disco/Middlewares/ST/STM32_USB_Host_Library/Core/Inc" -I"/home/yassine/Documents/TSI/TSN/Projet_1/WORKSPACE_STM32F746DISCO_STM32CUBE/stm32f746_disco/Middlewares/ST/STM32_USB_Host_Library/Class/AUDIO/Inc" -I"/home/yassine/Documents/TSI/TSN/Projet_1/WORKSPACE_STM32F746DISCO_STM32CUBE/stm32f746_disco/Utilities/Components/ampire480272" -I"/home/yassine/Documents/TSI/TSN/Projet_1/WORKSPACE_STM32F746DISCO_STM32CUBE/stm32f746_disco/Utilities/Components/n25q512a" -I"/home/yassine/Documents/TSI/TSN/Projet_1/WORKSPACE_STM32F746DISCO_STM32CUBE/stm32f746_disco/Utilities/Components/s5k5cag" -I"/home/yassine/Documents/TSI/TSN/Projet_1/WORKSPACE_STM32F746DISCO_STM32CUBE/stm32f746_disco/Utilities/Components/mfxstm32l152" -I"/home/yassine/Documents/TSI/TSN/Projet_1/WORKSPACE_STM32F746DISCO_STM32CUBE/stm32f746_disco/CMSIS/device" -I"/home/yassine/Documents/TSI/TSN/Projet_1/WORKSPACE_STM32F746DISCO_STM32CUBE/stm32f746_disco/Utilities/Components/n25q128a" -I"/home/yassine/Documents/TSI/TSN/Projet_1/WORKSPACE_STM32F746DISCO_STM32CUBE/stm32f746_disco/Utilities/Components/ts3510" -I"/home/yassine/Documents/TSI/TSN/Projet_1/WORKSPACE_STM32F746DISCO_STM32CUBE/stm32f746_disco/Utilities/Components/st7735" -I"/home/yassine/Documents/TSI/TSN/Projet_1/WORKSPACE_STM32F746DISCO_STM32CUBE/stm32f746_disco/Utilities/Components/rk043fn48h" -I"/home/yassine/Documents/TSI/TSN/Projet_1/WORKSPACE_STM32F746DISCO_STM32CUBE/stm32f746_disco/HAL_Driver/Inc/Legacy" -I"/home/yassine/Documents/TSI/TSN/Projet_1/WORKSPACE_STM32F746DISCO_STM32CUBE/stm32f746_disco/Utilities/Components/ov9655" -I"/home/yassine/Documents/TSI/TSN/Projet_1/WORKSPACE_STM32F746DISCO_STM32CUBE/stm32f746_disco/Utilities/Components/otm8009a" -I"/home/yassine/Documents/TSI/TSN/Projet_1/WORKSPACE_STM32F746DISCO_STM32CUBE/stm32f746_disco/Utilities/STM32746G-Discovery" -I"/home/yassine/Documents/TSI/TSN/Projet_1/WORKSPACE_STM32F746DISCO_STM32CUBE/stm32f746_disco/Utilities/Components/Common" -I"/home/yassine/Documents/TSI/TSN/Projet_1/WORKSPACE_STM32F746DISCO_STM32CUBE/stm32f746_disco/Middlewares/ST/STM32_Audio/Addons/PDM/Inc" -I"/home/yassine/Documents/TSI/TSN/Projet_1/WORKSPACE_STM32F746DISCO_STM32CUBE/stm32f746_disco/HAL_Driver/Inc" -I"/home/yassine/Documents/TSI/TSN/Projet_1/WORKSPACE_STM32F746DISCO_STM32CUBE/stm32f746_disco/Utilities/Components/stmpe811" -I"/home/yassine/Documents/TSI/TSN/Projet_1/WORKSPACE_STM32F746DISCO_STM32CUBE/stm32f746_disco/Utilities/Components/wm8994" -I"/home/yassine/Documents/TSI/TSN/Projet_1/WORKSPACE_STM32F746DISCO_STM32CUBE/stm32f746_disco/Utilities/Fonts" -I"/home/yassine/Documents/TSI/TSN/Projet_1/WORKSPACE_STM32F746DISCO_STM32CUBE/stm32f746_disco/Utilities/Components/ft5336" -I"/home/yassine/Documents/TSI/TSN/Projet_1/WORKSPACE_STM32F746DISCO_STM32CUBE/stm32f746_disco/inc" -I"/home/yassine/Documents/TSI/TSN/Projet_1/WORKSPACE_STM32F746DISCO_STM32CUBE/stm32f746_disco/Utilities/Components/ft6x06" -I"/home/yassine/Documents/TSI/TSN/Projet_1/WORKSPACE_STM32F746DISCO_STM32CUBE/stm32f746_disco/Utilities/Components/exc7200" -I"/home/yassine/Documents/TSI/TSN/Projet_1/WORKSPACE_STM32F746DISCO_STM32CUBE/stm32f746_disco/Utilities/Components/st7789h2" -I"/home/yassine/Documents/TSI/TSN/Projet_1/WORKSPACE_STM32F746DISCO_STM32CUBE/stm32f746_disco/Utilities/Log" -I"/home/yassine/Documents/TSI/TSN/Projet_1/WORKSPACE_STM32F746DISCO_STM32CUBE/stm32f746_disco/Utilities/Components/adv7533" -I"/home/yassine/Documents/TSI/TSN/Projet_1/WORKSPACE_STM32F746DISCO_STM32CUBE/stm32f746_disco/Utilities/Components/ampire640480" -I"/home/yassine/Documents/TSI/TSN/Projet_1/WORKSPACE_STM32F746DISCO_STM32CUBE/stm32f746_disco/CMSIS/core" -I"/home/yassine/Documents/TSI/TSN/Projet_1/WORKSPACE_STM32F746DISCO_STM32CUBE/stm32f746_disco/Utilities/Components/mx25l512" -I"/home/yassine/Documents/TSI/TSN/Projet_1/WORKSPACE_STM32F746DISCO_STM32CUBE/stm32f746_disco/CMSIS/DSP/Source/FilteringFunctions" -O0 -ffunction-sections -Wall -fcommon -D __FPU_PRESENT=1 -fstack-usage -fcyclomatic-complexity -MMD -MP -MF"src/main.d" -MT"src/main.o"  -mfpu=fpv5-sp-d16 -mfloat-abi=hard -mthumb -o "src/main.o"
../src/main.c: In function 'GEN_SIG':
../src/main.c:59:1: warning: control reaches end of non-void function [-Wreturn-type]
   59 | }
      | ^
arm-none-eabi-gcc -o "stm32f746_disco.elf" @"objects.list"   -mcpu=cortex-m7 -T"/home/yassine/Documents/TSI/TSN/Projet_1/WORKSPACE_STM32F746DISCO_STM32CUBE/stm32f746_disco/LinkerScript.ld" -Wl,-Map="stm32f746_disco.map" -Wl,--gc-sections -static -Xlinker "-u _printf_float"  -mfpu=fpv5-sp-d16 -mfloat-abi=hard -mthumb -Wl,--start-group -lc -lm -Wl,--end-group
/opt/st/stm32cubeide_1.16.0/plugins/com.st.stm32cube.ide.mcu.externaltools.gnu-tools-for-stm32.12.3.rel1.linux64_1.0.200.202406132123/tools/bin/../lib/gcc/arm-none-eabi/12.3.1/../../../../arm-none-eabi/bin/ld: warning: stm32f746_disco.elf has a LOAD segment with RWX permissions
Finished building target: stm32f746_disco.elf
 
arm-none-eabi-size  stm32f746_disco.elf 
   text	   data	    bss	    dec	    hex	filename
  54492	  10616	   7020	  72128	  119c0	stm32f746_disco.elf
Finished building: default.size.stdout
 
arm-none-eabi-objdump -h -S stm32f746_disco.elf  > "stm32f746_disco.list"
Finished building: stm32f746_disco.list
 
arm-none-eabi-objcopy  -O binary stm32f746_disco.elf  "stm32f746_disco.bin"
Finished building: stm32f746_disco.bin
 
16:26:02 **** Incremental Build of configuration Debug for project stm32f746_disco ****
make all 
arm-none-eabi-size  stm32f746_disco.elf 
   text	   data	    bss	    dec	    hex	filename
  54492	  10616	   7020	  72128	  119c0	stm32f746_disco.elf
Finished building: default.size.stdout
 
17:24:05 **** Incremental Build of configuration Debug for project stm32f746_disco ****
make all 
arm-none-eabi-gcc "../src/main.c" -mcpu=cortex-m7 -std=gnu11 -g3 -DSTM32 -DSTM32F7 -DSTM32F746NGHx -DSTM32F746G_DISCO -DDEBUG -DSTM32F746xx -DUSE_HAL_DRIVER -DARM_MATH_CM7 -c -I"/home/yassine/Documents/TSI/TSN/Projet_1/WORKSPACE_STM32F746DISCO_STM32CUBE/stm32f746_disco/CMSIS/DSP/Include" -I"/home/yassine/Documents/TSI/TSN/Projet_1/WORKSPACE_STM32F746DISCO_STM32CUBE/stm32f746_disco/Middlewares/ST/STM32_USB_Host_Library/Class/MIDI/Inc" -I"/home/yassine/Documents/TSI/TSN/Projet_1/WORKSPACE_STM32F746DISCO_STM32CUBE/stm32f746_disco/Middlewares/ST/STM32_USB_Host_Library/Core/Inc" -I"/home/yassine/Documents/TSI/TSN/Projet_1/WORKSPACE_STM32F746DISCO_STM32CUBE/stm32f746_disco/Middlewares/ST/STM32_USB_Host_Library/Class/AUDIO/Inc" -I"/home/yassine/Documents/TSI/TSN/Projet_1/WORKSPACE_STM32F746DISCO_STM32CUBE/stm32f746_disco/Utilities/Components/ampire480272" -I"/home/yassine/Documents/TSI/TSN/Projet_1/WORKSPACE_STM32F746DISCO_STM32CUBE/stm32f746_disco/Utilities/Components/n25q512a" -I"/home/yassine/Documents/TSI/TSN/Projet_1/WORKSPACE_STM32F746DISCO_STM32CUBE/stm32f746_disco/Utilities/Components/s5k5cag" -I"/home/yassine/Documents/TSI/TSN/Projet_1/WORKSPACE_STM32F746DISCO_STM32CUBE/stm32f746_disco/Utilities/Components/mfxstm32l152" -I"/home/yassine/Documents/TSI/TSN/Projet_1/WORKSPACE_STM32F746DISCO_STM32CUBE/stm32f746_disco/CMSIS/device" -I"/home/yassine/Documents/TSI/TSN/Projet_1/WORKSPACE_STM32F746DISCO_STM32CUBE/stm32f746_disco/Utilities/Components/n25q128a" -I"/home/yassine/Documents/TSI/TSN/Projet_1/WORKSPACE_STM32F746DISCO_STM32CUBE/stm32f746_disco/Utilities/Components/ts3510" -I"/home/yassine/Documents/TSI/TSN/Projet_1/WORKSPACE_STM32F746DISCO_STM32CUBE/stm32f746_disco/Utilities/Components/st7735" -I"/home/yassine/Documents/TSI/TSN/Projet_1/WORKSPACE_STM32F746DISCO_STM32CUBE/stm32f746_disco/Utilities/Components/rk043fn48h" -I"/home/yassine/Documents/TSI/TSN/Projet_1/WORKSPACE_STM32F746DISCO_STM32CUBE/stm32f746_disco/HAL_Driver/Inc/Legacy" -I"/home/yassine/Documents/TSI/TSN/Projet_1/WORKSPACE_STM32F746DISCO_STM32CUBE/stm32f746_disco/Utilities/Components/ov9655" -I"/home/yassine/Documents/TSI/TSN/Projet_1/WORKSPACE_STM32F746DISCO_STM32CUBE/stm32f746_disco/Utilities/Components/otm8009a" -I"/home/yassine/Documents/TSI/TSN/Projet_1/WORKSPACE_STM32F746DISCO_STM32CUBE/stm32f746_disco/Utilities/STM32746G-Discovery" -I"/home/yassine/Documents/TSI/TSN/Projet_1/WORKSPACE_STM32F746DISCO_STM32CUBE/stm32f746_disco/Utilities/Components/Common" -I"/home/yassine/Documents/TSI/TSN/Projet_1/WORKSPACE_STM32F746DISCO_STM32CUBE/stm32f746_disco/Middlewares/ST/STM32_Audio/Addons/PDM/Inc" -I"/home/yassine/Documents/TSI/TSN/Projet_1/WORKSPACE_STM32F746DISCO_STM32CUBE/stm32f746_disco/HAL_Driver/Inc" -I"/home/yassine/Documents/TSI/TSN/Projet_1/WORKSPACE_STM32F746DISCO_STM32CUBE/stm32f746_disco/Utilities/Components/stmpe811" -I"/home/yassine/Documents/TSI/TSN/Projet_1/WORKSPACE_STM32F746DISCO_STM32CUBE/stm32f746_disco/Utilities/Components/wm8994" -I"/home/yassine/Documents/TSI/TSN/Projet_1/WORKSPACE_STM32F746DISCO_STM32CUBE/stm32f746_disco/Utilities/Fonts" -I"/home/yassine/Documents/TSI/TSN/Projet_1/WORKSPACE_STM32F746DISCO_STM32CUBE/stm32f746_disco/Utilities/Components/ft5336" -I"/home/yassine/Documents/TSI/TSN/Projet_1/WORKSPACE_STM32F746DISCO_STM32CUBE/stm32f746_disco/inc" -I"/home/yassine/Documents/TSI/TSN/Projet_1/WORKSPACE_STM32F746DISCO_STM32CUBE/stm32f746_disco/Utilities/Components/ft6x06" -I"/home/yassine/Documents/TSI/TSN/Projet_1/WORKSPACE_STM32F746DISCO_STM32CUBE/stm32f746_disco/Utilities/Components/exc7200" -I"/home/yassine/Documents/TSI/TSN/Projet_1/WORKSPACE_STM32F746DISCO_STM32CUBE/stm32f746_disco/Utilities/Components/st7789h2" -I"/home/yassine/Documents/TSI/TSN/Projet_1/WORKSPACE_STM32F746DISCO_STM32CUBE/stm32f746_disco/Utilities/Log" -I"/home/yassine/Documents/TSI/TSN/Projet_1/WORKSPACE_STM32F746DISCO_STM32CUBE/stm32f746_disco/Utilities/Components/adv7533" -I"/home/yassine/Documents/TSI/TSN/Projet_1/WORKSPACE_STM32F746DISCO_STM32CUBE/stm32f746_disco/Utilities/Components/ampire640480" -I"/home/yassine/Documents/TSI/TSN/Projet_1/WORKSPACE_STM32F746DISCO_STM32CUBE/stm32f746_disco/CMSIS/core" -I"/home/yassine/Documents/TSI/TSN/Projet_1/WORKSPACE_STM32F746DISCO_STM32CUBE/stm32f746_disco/Utilities/Components/mx25l512" -I"/home/yassine/Documents/TSI/TSN/Projet_1/WORKSPACE_STM32F746DISCO_STM32CUBE/stm32f746_disco/CMSIS/DSP/Source/FilteringFunctions" -O0 -ffunction-sections -Wall -fcommon -D __FPU_PRESENT=1 -fstack-usage -fcyclomatic-complexity -MMD -MP -MF"src/main.d" -MT"src/main.o"  -mfpu=fpv5-sp-d16 -mfloat-abi=hard -mthumb -o "src/main.o"
../src/main.c: In function 'GEN_SIG':
../src/main.c:59:1: warning: control reaches end of non-void function [-Wreturn-type]
   59 | }
      | ^
arm-none-eabi-gcc -o "stm32f746_disco.elf" @"objects.list"   -mcpu=cortex-m7 -T"/home/yassine/Documents/TSI/TSN/Projet_1/WORKSPACE_STM32F746DISCO_STM32CUBE/stm32f746_disco/LinkerScript.ld" -Wl,-Map="stm32f746_disco.map" -Wl,--gc-sections -static -Xlinker "-u _printf_float"  -mfpu=fpv5-sp-d16 -mfloat-abi=hard -mthumb -Wl,--start-group -lc -lm -Wl,--end-group
/opt/st/stm32cubeide_1.16.0/plugins/com.st.stm32cube.ide.mcu.externaltools.gnu-tools-for-stm32.12.3.rel1.linux64_1.0.200.202406132123/tools/bin/../lib/gcc/arm-none-eabi/12.3.1/../../../../arm-none-eabi/bin/ld: warning: stm32f746_disco.elf has a LOAD segment with RWX permissions
Finished building target: stm32f746_disco.elf
 
arm-none-eabi-size  stm32f746_disco.elf 
   text	   data	    bss	    dec	    hex	filename
  54496	  10616	   7020	  72132	  119c4	stm32f746_disco.elf
Finished building: default.size.stdout
 
arm-none-eabi-objdump -h -S stm32f746_disco.elf  > "stm32f746_disco.list"
Finished building: stm32f746_disco.list
 
arm-none-eabi-objcopy  -O binary stm32f746_disco.elf  "stm32f746_disco.bin"
Finished building: stm32f746_disco.bin
 
